This file contains any messages produced by compilers while
running configure, to aid debugging if configure makes a mistake.

It was created by Apertium Ewondo configure 0.1.0, which was
generated by GNU Autoconf 2.71.  Invocation command line was

  $ ./configure

## --------- ##
## Platform. ##
## --------- ##

hostname = DESKTOP-OJB1PV2
uname -m = x86_64
uname -r = 6.6.87.2-microsoft-standard-WSL2
uname -s = Linux
uname -v = #1 SMP PREEMPT_DYNAMIC Thu Jun  5 18:30:46 UTC 2025

/usr/bin/uname -p = x86_64
/bin/uname -X     = unknown

/bin/arch              = x86_64
/usr/bin/arch -k       = unknown
/usr/convex/getsysinfo = unknown
/usr/bin/hostinfo      = unknown
/bin/machine           = unknown
/usr/bin/oslevel       = unknown
/bin/universe          = unknown

PATH: /usr/local/sbin/
PATH: /usr/local/bin/
PATH: /usr/sbin/
PATH: /usr/bin/
PATH: /sbin/
PATH: /bin/
PATH: /usr/games/
PATH: /usr/local/games/
PATH: /usr/lib/wsl/lib/
PATH: /mnt/c/Program Files/SIL/FieldWorks 9/
PATH: /mnt/c/WINDOWS/system32/
PATH: /mnt/c/WINDOWS/
PATH: /mnt/c/WINDOWS/System32/Wbem/
PATH: /mnt/c/WINDOWS/System32/WindowsPowerShell/v1.0/
PATH: /mnt/c/WINDOWS/System32/OpenSSH/
PATH: /mnt/c/Users/HP USER/AppData/Local/Programs/Python/Python313/Scripts/
PATH: /mnt/c/Users/HP USER/AppData/Local/Programs/Python/Python313/
PATH: /mnt/c/Users/HP USER/AppData/Local/Programs/Python/Launcher/
PATH: /mnt/c/Users/HP USER/AppData/Local/Microsoft/WindowsApps/
PATH: /mnt/c/Users/HP USER/AppData/Local/Programs/EmEditor/
PATH: /mnt/c/Users/HP USER/AppData/Local/Programs/Microsoft VS Code/bin/
PATH: /snap/bin/
PATH: /usr/local/bin/


## ----------- ##
## Core tests. ##
## ----------- ##

configure:1758: looking for aux files: missing install-sh
configure:1771:  trying ./
configure:1800:   ./missing found
configure:1782:   ./install-sh found
configure:1929: checking for a BSD-compatible install
configure:2002: result: /usr/bin/install -c
configure:2013: checking whether build environment is sane
configure:2068: result: yes
configure:2227: checking for a race-free mkdir -p
configure:2271: result: /usr/bin/mkdir -p
configure:2278: checking for gawk
configure:2299: found /usr/bin/gawk
configure:2310: result: gawk
configure:2321: checking whether make sets $(MAKE)
configure:2344: result: yes
configure:2374: checking whether make supports nested variables
configure:2392: result: yes
configure:2532: checking for gawk
configure:2564: result: gawk
configure:2644: checking for pkg-config
configure:2667: found /usr/bin/pkg-config
configure:2679: result: /usr/bin/pkg-config
configure:2704: checking pkg-config is at least version 0.9.0
configure:2707: result: yes
configure:2825: checking for apertium >= 3.6.1
configure:2832: $PKG_CONFIG --exists --print-errors "apertium >= 3.6.1"
configure:2835: $? = 0
configure:2849: $PKG_CONFIG --exists --print-errors "apertium >= 3.6.1"
configure:2852: $? = 0
configure:2910: result: yes
configure:2916: checking for hfst >= 3.15.1
configure:2923: $PKG_CONFIG --exists --print-errors "hfst >= 3.15.1"
configure:2926: $? = 0
configure:2940: $PKG_CONFIG --exists --print-errors "hfst >= 3.15.1"
configure:2943: $? = 0
configure:3001: result: yes
configure:3007: checking for cg3 >= 1.3.1
configure:3014: $PKG_CONFIG --exists --print-errors "cg3 >= 1.3.1"
configure:3017: $? = 0
configure:3031: $PKG_CONFIG --exists --print-errors "cg3 >= 1.3.1"
configure:3034: $? = 0
configure:3092: result: yes
configure:3329: checking that generated files are newer than configure
configure:3335: result: done
configure:3347: creating ./config.status

## ---------------------- ##
## Running config.status. ##
## ---------------------- ##

This file was extended by Apertium Ewondo config.status 0.1.0, which was
generated by GNU Autoconf 2.71.  Invocation command line was

  CONFIG_FILES    = 
  CONFIG_HEADERS  = 
  CONFIG_LINKS    = 
  CONFIG_COMMANDS = 
  $ ./config.status 

on DESKTOP-OJB1PV2

config.status:780: creating Makefile
config.status:780: creating apertium-ewo.pc

## ---------------- ##
## Cache variables. ##
## ---------------- ##

ac_cv_env_APERTIUM_CFLAGS_set=
ac_cv_env_APERTIUM_CFLAGS_value=
ac_cv_env_APERTIUM_LIBS_set=
ac_cv_env_APERTIUM_LIBS_value=
ac_cv_env_CG3_CFLAGS_set=
ac_cv_env_CG3_CFLAGS_value=
ac_cv_env_CG3_LIBS_set=
ac_cv_env_CG3_LIBS_value=
ac_cv_env_HFSTOSPELL_CFLAGS_set=
ac_cv_env_HFSTOSPELL_CFLAGS_value=
ac_cv_env_HFSTOSPELL_LIBS_set=
ac_cv_env_HFSTOSPELL_LIBS_value=
ac_cv_env_HFST_CFLAGS_set=
ac_cv_env_HFST_CFLAGS_value=
ac_cv_env_HFST_LIBS_set=
ac_cv_env_HFST_LIBS_value=
ac_cv_env_PKG_CONFIG_LIBDIR_set=
ac_cv_env_PKG_CONFIG_LIBDIR_value=
ac_cv_env_PKG_CONFIG_PATH_set=set
ac_cv_env_PKG_CONFIG_PATH_value=:/usr/local/share/pkgconfig:/usr/local/lib/pkgconfig
ac_cv_env_PKG_CONFIG_set=
ac_cv_env_PKG_CONFIG_value=
ac_cv_env_build_alias_set=
ac_cv_env_build_alias_value=
ac_cv_env_host_alias_set=
ac_cv_env_host_alias_value=
ac_cv_env_target_alias_set=
ac_cv_env_target_alias_value=
ac_cv_path_ac_pt_PKG_CONFIG=/usr/bin/pkg-config
ac_cv_path_install='/usr/bin/install -c'
ac_cv_path_mkdir=/usr/bin/mkdir
ac_cv_prog_AWK=gawk
ac_cv_prog_make_make_set=yes
am_cv_make_support_nested_variables=yes
pkg_cv_APERTIUM_CFLAGS=
pkg_cv_APERTIUM_LIBS='-lapertium '
pkg_cv_CG3_CFLAGS='-I/usr/include/ '
pkg_cv_CG3_LIBS='-lcg3 '
pkg_cv_HFST_CFLAGS='-I/usr/include/hfst/ '
pkg_cv_HFST_LIBS='-lhfst '

## ----------------- ##
## Output variables. ##
## ----------------- ##

ACLOCAL='${SHELL} '\''/mnt/c/Users/HP USER/Desktop/apertium-ewo/missing'\'' aclocal-1.16'
AMTAR='$${TAR-tar}'
AM_BACKSLASH='\'
AM_DEFAULT_V='$(AM_DEFAULT_VERBOSITY)'
AM_DEFAULT_VERBOSITY='1'
AM_V='$(V)'
APERTIUM_CFLAGS=''
APERTIUM_LIBS='-lapertium '
AUTOCONF='${SHELL} '\''/mnt/c/Users/HP USER/Desktop/apertium-ewo/missing'\'' autoconf'
AUTOHEADER='${SHELL} '\''/mnt/c/Users/HP USER/Desktop/apertium-ewo/missing'\'' autoheader'
AUTOMAKE='${SHELL} '\''/mnt/c/Users/HP USER/Desktop/apertium-ewo/missing'\'' automake-1.16'
AWK='gawk'
CG3_CFLAGS='-I/usr/include/ '
CG3_LIBS='-lcg3 '
CSCOPE='cscope'
CTAGS='ctags'
CYGPATH_W='echo'
DEFS='-DPACKAGE_NAME=\"Apertium\ Ewondo\" -DPACKAGE_TARNAME=\"apertium-ewo\" -DPACKAGE_VERSION=\"0.1.0\" -DPACKAGE_STRING=\"Apertium\ Ewondo\ 0.1.0\" -DPACKAGE_BUGREPORT=\"ngueum@gmail.com\" -DPACKAGE_URL=\"http://wiki.apertium.org/wiki/Apertium-ewo\" -DPACKAGE=\"apertium-ewo\" -DVERSION=\"0.1.0\"'
ECHO_C=''
ECHO_N='-n'
ECHO_T=''
ETAGS='etags'
HAVE_HFSTOSPELL_FALSE=''
HAVE_HFSTOSPELL_TRUE='#'
HFSTOSPELL_CFLAGS=''
HFSTOSPELL_LIBS=''
HFST_CFLAGS='-I/usr/include/hfst/ '
HFST_LIBS='-lhfst '
INSTALL_DATA='${INSTALL} -m 644'
INSTALL_PROGRAM='${INSTALL}'
INSTALL_SCRIPT='${INSTALL}'
INSTALL_STRIP_PROGRAM='$(install_sh) -c -s'
LIBOBJS=''
LIBS=''
LTLIBOBJS=''
MAKEINFO='${SHELL} '\''/mnt/c/Users/HP USER/Desktop/apertium-ewo/missing'\'' makeinfo'
MKDIR_P='/usr/bin/mkdir -p'
PACKAGE='apertium-ewo'
PACKAGE_BUGREPORT='ngueum@gmail.com'
PACKAGE_NAME='Apertium Ewondo'
PACKAGE_STRING='Apertium Ewondo 0.1.0'
PACKAGE_TARNAME='apertium-ewo'
PACKAGE_URL='http://wiki.apertium.org/wiki/Apertium-ewo'
PACKAGE_VERSION='0.1.0'
PATH_SEPARATOR=':'
PKG_CONFIG='/usr/bin/pkg-config'
PKG_CONFIG_LIBDIR=''
PKG_CONFIG_PATH=':/usr/local/share/pkgconfig:/usr/local/lib/pkgconfig'
SET_MAKE=''
SHELL='/bin/bash'
STRIP=''
VERSION='0.1.0'
am__isrc=''
am__leading_dot='.'
am__tar='$${TAR-tar} chof - "$$tardir"'
am__untar='$${TAR-tar} xf -'
bindir='${exec_prefix}/bin'
build_alias=''
datadir='${datarootdir}'
datarootdir='${prefix}/share'
docdir='${datarootdir}/doc/${PACKAGE_TARNAME}'
dvidir='${docdir}'
exec_prefix='${prefix}'
host_alias=''
htmldir='${docdir}'
includedir='${prefix}/include'
infodir='${datarootdir}/info'
install_sh='${SHELL} '\''/mnt/c/Users/HP USER/Desktop/apertium-ewo/install-sh'\'''
libdir='${exec_prefix}/lib'
libexecdir='${exec_prefix}/libexec'
localedir='${datarootdir}/locale'
localstatedir='${prefix}/var'
mandir='${datarootdir}/man'
mkdir_p='$(MKDIR_P)'
oldincludedir='/usr/include'
pdfdir='${docdir}'
prefix='/usr/local'
program_transform_name='s,x,x,'
psdir='${docdir}'
runstatedir='${localstatedir}/run'
sbindir='${exec_prefix}/sbin'
sharedstatedir='${prefix}/com'
sysconfdir='${prefix}/etc'
target_alias=''

## ------------------- ##
## File substitutions. ##
## ------------------- ##

ap_include='./ap_include.am'

## ----------- ##
## confdefs.h. ##
## ----------- ##

/* confdefs.h */
#define PACKAGE_NAME "Apertium Ewondo"
#define PACKAGE_TARNAME "apertium-ewo"
#define PACKAGE_VERSION "0.1.0"
#define PACKAGE_STRING "Apertium Ewondo 0.1.0"
#define PACKAGE_BUGREPORT "ngueum@gmail.com"
#define PACKAGE_URL "http://wiki.apertium.org/wiki/Apertium-ewo"
#define PACKAGE "apertium-ewo"
#define VERSION "0.1.0"

configure: exit 0
